
> exit-withdrawal-market@0.1.0 test:browser
> playwright test


Running 15 tests using 1 worker

(node:37025) Warning: The 'NO_COLOR' env is ignored due to the 'FORCE_COLOR' env being set.
(Use `node --trace-warnings ...` to show where the warning was created)
  ✓   1 tests/browser/exit-check.spec.ts:151:1 › mock RPC: pending facts and keyboard calculator keep assumptions local and reset on claim change (2.1s)
  ✓   2 tests/browser/exit-check.spec.ts:220:1 › mock RPC: finalized amounts prefer direct collection; closed/invalid records have no valuation (1.8s)
  ✓   3 tests/browser/exit-check.spec.ts:269:1 › mock RPC: implementation drift is visible and disables the buyer estimate (1.3s)
  ✓   4 tests/browser/exit-check.spec.ts:281:1 › mock RPC: older completion cannot overwrite a newer claim; failure clears prior observations (1.8s)
  ✓   5 tests/browser/exit-check.spec.ts:322:1 › mock RPC: narrow layout and public example retain honest ownership context (1.3s)
  ✓   6 tests/browser/lifecycle.spec.ts:55:1 › an idle claim matures through normal local blocks without a servicing transaction (1.2m)
  ✓   7 tests/browser/lifecycle.spec.ts:103:1 › public sale reconciles exact payment and acquired rights onchain (3.3s)
  ✓   8 tests/browser/lifecycle.spec.ts:257:1 › custom private price survives reload and stays encrypted for outsider (3.4s)
  ✓   9 tests/browser/lifecycle.spec.ts:432:1 › responsive market remains usable without horizontal overflow (1.2s)
  ✓  10 tests/browser/lifecycle.spec.ts:458:1 › key rotation and revocation are separate from cancelling a maker signature (2.2s)
  ✓  11 tests/browser/navigation.spec.ts:9:1 › claim and private negotiation survive reload and browser history without losing preview flags (800ms)
  ✓  12 tests/browser/navigation.spec.ts:57:1 › missing and malformed claim links never substitute another position (672ms)
  ✓  13 tests/browser/navigation.spec.ts:81:1 › trade dialogs have accessible names and restore keyboard focus without publishing entered terms (771ms)
  ✓  14 tests/browser/navigation.spec.ts:128:1 › current read-only chain state has qualified freshness and narrow-screen navigation (839ms)
  ✓  15 tests/browser/navigation.spec.ts:165:1 › an external wallet change clears confidential maker input and consent (793ms)

  15 passed (1.6m)
