
> exit-withdrawal-market@0.1.0 check
> npm run typecheck && npm test && npm run test:contracts && npm run build


> exit-withdrawal-market@0.1.0 typecheck
> tsc --noEmit


> exit-withdrawal-market@0.1.0 test
> vitest run


 RUN  v5.0.0 /Users/razvan/Repos/real-eth-rome


 Test Files  10 passed (10)
      Tests  71 passed (71)
   Start at  23:48:33
   Duration  510ms (import 64%, transform 21%, tests 13%, worker 1%)


> exit-withdrawal-market@0.1.0 test:contracts
> forge test

No files changed, compilation skipped
2026-09-11T20:48:34.514537Z  WARN evm::traces::external: etherscan config not found
2026-09-11T20:48:34.529835Z  WARN forge::test: failed calling "targetArtifactSelectors()": execution reverted: EvmError: Revert (gas: 21238)
2026-09-11T20:48:34.530069Z  WARN forge::test: failed calling "targetArtifacts()": execution reverted: EvmError: Revert (gas: 21238)
2026-09-11T20:48:34.530082Z  WARN forge::test: failed calling "excludeArtifacts()": execution reverted: EvmError: Revert (gas: 21238)
2026-09-11T20:48:34.530115Z  WARN forge::test: failed calling "targetSenders()": execution reverted: EvmError: Revert (gas: 21238)
2026-09-11T20:48:34.530123Z  WARN forge::test: failed calling "excludeSenders()": execution reverted: EvmError: Revert (gas: 21238)
2026-09-11T20:48:34.530309Z  WARN forge::test: failed calling "excludeContracts()": execution reverted: EvmError: Revert (gas: 21238)
2026-09-11T20:48:34.530349Z  WARN forge::test: failed calling "targetInterfaces()": execution reverted: EvmError: Revert (gas: 21238)
2026-09-11T20:48:34.530359Z  WARN forge::test: failed calling "targetSelectors()": execution reverted: EvmError: Revert (gas: 21238)
2026-09-11T20:48:34.530367Z  WARN forge::test: failed calling "excludeSelectors()": execution reverted: EvmError: Revert (gas: 21238)
2026-09-11T20:48:34.529835Z  WARN forge::test: failed calling "targetArtifactSelectors()": execution reverted: EvmError: Revert (gas: 21238)
2026-09-11T20:48:34.530662Z  WARN forge::test: failed calling "targetArtifacts()": execution reverted: EvmError: Revert (gas: 21238)
2026-09-11T20:48:34.530673Z  WARN forge::test: failed calling "excludeArtifacts()": execution reverted: EvmError: Revert (gas: 21238)
2026-09-11T20:48:34.530690Z  WARN forge::test: failed calling "targetSenders()": execution reverted: EvmError: Revert (gas: 21238)
2026-09-11T20:48:34.530698Z  WARN forge::test: failed calling "excludeSenders()": execution reverted: EvmError: Revert (gas: 21238)
2026-09-11T20:48:34.530711Z  WARN forge::test: failed calling "excludeContracts()": execution reverted: EvmError: Revert (gas: 21238)
2026-09-11T20:48:34.530725Z  WARN forge::test: failed calling "targetInterfaces()": execution reverted: EvmError: Revert (gas: 21238)
2026-09-11T20:48:34.530732Z  WARN forge::test: failed calling "targetSelectors()": execution reverted: EvmError: Revert (gas: 21238)
2026-09-11T20:48:34.530740Z  WARN forge::test: failed calling "excludeSelectors()": execution reverted: EvmError: Revert (gas: 21238)

Ran 16 tests for test/ExitMarket.t.sol:ExitMarketTest
[PASS] testFuzzP1ExactSale(uint96,uint96,bool) (runs: 256, μ: 503640, ~: 485608)
[PASS] testOfferKeyRegistryRotationRevocationAuthority() (gas: 240748)
[PASS] testP1FeeOnTransferRevertsEverything() (gas: 3588873)
[PASS] testP1FeesAndAtomicFailure() (gas: 409250)
[PASS] testP1P3P7FullReferenceLifecycle() (gas: 790044)
[PASS] testP1SellerFeeAliasRejectedAndFeeFailureAtomic() (gas: 418204)
[PASS] testP2SellerAndOutsiderCannotWithdrawOrCollectSource() (gas: 467624)
[PASS] testP3TimeCollectAndDustDoNotStaleQuote() (gas: 502766)
[PASS] testP4CancellationExpiryAndReplay() (gas: 448864)
[PASS] testP4ChangedBuyerPriceAndChainRejectSignature() (gas: 352486)
[PASS] testP4ERC1271RecheckedAtExecution() (gas: 653091)
[PASS] testP4EpochInvalidatesAwayAndBackOwnership() (gas: 463836)
[PASS] testP4OutsiderAndMakerCannotForceAcceptance() (gas: 309563)
[PASS] testP5IndependentMakerAndUnreservedLiquidity() (gas: 418147)
[PASS] testP6CallbacksCannotRemoveAcquiredCash() (gas: 3737551)
[PASS] testSeparateAdverseScenario() (gas: 647132)
Suite result: ok. 16 passed; 0 failed; 0 skipped; finished in 64.32ms (104.71ms CPU time)

Ran 21 tests for test/review/IndependentReview.t.sol:IndependentReviewTest
[PASS] testFuzzP1ExactSale(uint96,uint96,bool) (runs: 256, μ: 506291, ~: 524772)
[PASS] testOfferKeyRegistryRotationRevocationAuthority() (gas: 240814)
[PASS] testP1FeeOnTransferRevertsEverything() (gas: 3588917)
[PASS] testP1FeesAndAtomicFailure() (gas: 409272)
[PASS] testP1P3P7FullReferenceLifecycle() (gas: 790079)
[PASS] testP1SellerFeeAliasRejectedAndFeeFailureAtomic() (gas: 418292)
[PASS] testP2SellerAndOutsiderCannotWithdrawOrCollectSource() (gas: 467646)
[PASS] testP3TimeCollectAndDustDoNotStaleQuote() (gas: 502876)
[PASS] testP4CancellationExpiryAndReplay() (gas: 448908)
[PASS] testP4ChangedBuyerPriceAndChainRejectSignature() (gas: 352626)
[PASS] testP4ERC1271RecheckedAtExecution() (gas: 653157)
[PASS] testP4EpochInvalidatesAwayAndBackOwnership() (gas: 463902)
[PASS] testP4OutsiderAndMakerCannotForceAcceptance() (gas: 309629)
[PASS] testP5IndependentMakerAndUnreservedLiquidity() (gas: 418213)
[PASS] testP6CallbacksCannotRemoveAcquiredCash() (gas: 3737617)
[PASS] testReviewDustDoesNotBecomeRecognizedCash() (gas: 406139)
[PASS] testReviewEveryEconomicFieldIsAuthenticated() (gas: 872751)
[PASS] testReviewNonceConsumedAcrossClaimsAndMakerIsolation() (gas: 708837)
[PASS] testReviewQuoteCannotReplayOnAnotherMarket() (gas: 2018142)
[PASS] testReviewRecoveryAddedBetweenSigningAndSaleStaysInBundle() (gas: 612145)
[PASS] testSeparateAdverseScenario() (gas: 647132)
Suite result: ok. 21 passed; 0 failed; 0 skipped; finished in 65.68ms (103.92ms CPU time)

Ran 2 tests for test/ExitInvariant.t.sol:ExitInvariantTest
[PASS] invariantP1P5ConservationAndIndependentBalances() (runs: 128, calls: 8192, reverts: 0)

╭------------------+-------------------+-------+---------+----------╮
| Contract         | Selector          | Calls | Reverts | Discards |
+===================================================================+
| LifecycleHandler | advanceAndCollect | 1650  | 0       | 0        |
|------------------+-------------------+-------+---------+----------|
| LifecycleHandler | cancel            | 1678  | 0       | 0        |
|------------------+-------------------+-------+---------+----------|
| LifecycleHandler | recovery          | 1619  | 0       | 0        |
|------------------+-------------------+-------+---------+----------|
| LifecycleHandler | sell              | 1615  | 0       | 0        |
|------------------+-------------------+-------+---------+----------|
| LifecycleHandler | withdraw          | 1630  | 0       | 0        |
╰------------------+-------------------+-------+---------+----------╯

[PASS] invariantP2P3P7OwnershipAndResiduals() (runs: 128, calls: 8192, reverts: 0)

╭------------------+-------------------+-------+---------+----------╮
| Contract         | Selector          | Calls | Reverts | Discards |
+===================================================================+
| LifecycleHandler | advanceAndCollect | 1658  | 0       | 0        |
|------------------+-------------------+-------+---------+----------|
| LifecycleHandler | cancel            | 1567  | 0       | 0        |
|------------------+-------------------+-------+---------+----------|
| LifecycleHandler | recovery          | 1647  | 0       | 0        |
|------------------+-------------------+-------+---------+----------|
| LifecycleHandler | sell              | 1651  | 0       | 0        |
|------------------+-------------------+-------+---------+----------|
| LifecycleHandler | withdraw          | 1669  | 0       | 0        |
╰------------------+-------------------+-------+---------+----------╯

Suite result: ok. 2 passed; 0 failed; 0 skipped; finished in 902.08ms (1.60s CPU time)

Ran 3 test suites in 906.77ms (1.03s CPU time): 39 tests passed, 0 failed, 0 skipped (39 total tests)

> exit-withdrawal-market@0.1.0 build
> vite build apps/web

vite v8.3.0 building client environment for production...
transforming...
[plugin rolldown:vite-resolve] Module "crypto" has been externalized for browser compatibility, imported by "/Users/razvan/Repos/real-eth-rome/node_modules/@hpke/common/esm/src/utils/misc.js". See https://vite.dev/guide/troubleshooting.html#module-externalized-for-browser-compatibility for more details.
[plugin rolldown:vite-resolve] Module "crypto" has been externalized for browser compatibility, imported by "/Users/razvan/Repos/real-eth-rome/node_modules/@hpke/common/esm/src/algorithm.js". See https://vite.dev/guide/troubleshooting.html#module-externalized-for-browser-compatibility for more details.
✓ 1343 modules transformed.
rendering chunks...
computing gzip size...
apps/web/dist/index.html                                    0.71 kB │ gzip:   0.42 kB
apps/web/dist/assets/ExitCheck-DJVX6yVm.css                 9.94 kB │ gzip:   2.36 kB
apps/web/dist/assets/index-D6K2jk1k.css                    36.79 kB │ gzip:   7.71 kB
apps/web/dist/assets/__vite-browser-external-2W3EstLn.js    0.10 kB │ gzip:   0.11 kB
apps/web/dist/assets/rolldown-runtime-hePW80VL.js           0.71 kB │ gzip:   0.42 kB
apps/web/dist/assets/ccip-CWfT8zLn.js                       2.83 kB │ gzip:   1.31 kB
apps/web/dist/assets/ExitCheck-DBTog_Ti.js                 21.58 kB │ gzip:   7.01 kB
apps/web/dist/assets/index-1jwxpM8A.js                    651.06 kB │ gzip: 193.97 kB

✓ built in 130ms
[plugin builtin:vite-reporter] 
(!) Some chunks are larger than 500 kB after minification. Consider:
- Using dynamic import() to code-split the application
- Use build.rolldownOptions.output.codeSplitting to improve chunking: https://rolldown.rs/reference/OutputOptions.codeSplitting
- Adjust chunk size limit for this warning via build.chunkSizeWarningLimit.
